package test1

import (
	bb "bytes"
	"fmt"
	"math"
	"os"

	"github.com/sabahtalateh/importblocks/a"
	// IMPORTBLOCKS.B
	_ "github.com/sabahtalateh/importblocks/b"
	c "github.com/sabahtalateh/importblocks/c"

	// GITHUB.COM/A/B
	"github.com/a/b"

	"x/y/z"
)
