package test1

import (
	"os"

	"a/b"
	"a/b/c"

	"x/y/z"
)
