package test1

import (
	"os"

	"x/y/z"

	"a/b/c1"
	"a/b/c2"
)
