package test1

import (
	"os"

	"github.com/a/b"
)
