package test1

import (
	"a/b/c1"
	"a/b/c2"
	"a/b/c3"

	"x/y/z100"
	"x/y/z200"

	"fmt"
	"os"
)

func Hello() {}
