package test1

import (
	"github.com/a/b"

	"os"
)
